// Jest Snapshot v1, https://goo.gl/fbAQLP

exports[`<OpponentsCardsWrapper /> renders correctly 1`] = `
<div>
  <div
    class="makeStyles-root-1"
  >
    <div
      class="makeStyles-cardsContainer-2"
    >
      <div>
        children
      </div>
    </div>
  </div>
</div>
`;
