// Jest Snapshot v1, https://goo.gl/fbAQLP

exports[`<Select /> renders correctly 1`] = `
<div>
  <div
    class="MuiFormControl-root css-1nrlq1o-MuiFormControl-root"
  >
    <label
      class="MuiInputLabel-root MuiInputLabel-formControl MuiInputLabel-animated MuiInputLabel-shrink MuiInputLabel-outlined MuiFormLabel-root MuiFormLabel-colorPrimary MuiFormLabel-filled makeStyles-inputLabel-2 css-1kty9di-MuiFormLabel-root-MuiInputLabel-root"
      data-shrink="true"
      id="demo-simple-select-label"
    >
      mass
    </label>
    <div
      class="MuiOutlinedInput-root MuiInputBase-root MuiInputBase-colorPrimary MuiInputBase-formControl makeStyles-select-3 css-9ddj71-MuiInputBase-root-MuiOutlinedInput-root"
    >
      <div
        aria-expanded="false"
        aria-haspopup="listbox"
        aria-labelledby="demo-simple-select-label demo-simple-select"
        class="MuiSelect-select MuiSelect-outlined MuiOutlinedInput-input MuiInputBase-input css-11u53oe-MuiSelect-select-MuiInputBase-input-MuiOutlinedInput-input"
        id="demo-simple-select"
        role="button"
        tabindex="0"
      >
        Mass
      </div>
      <input
        aria-hidden="true"
        class="MuiSelect-nativeInput css-yf8vq0-MuiSelect-nativeInput"
        tabindex="-1"
        value="mass"
      />
      <svg
        aria-hidden="true"
        class="MuiSvgIcon-root MuiSvgIcon-fontSizeMedium MuiSelect-icon MuiSelect-iconOutlined css-hfutr2-MuiSvgIcon-root-MuiSelect-icon"
        data-testid="ArrowDropDownIcon"
        focusable="false"
        viewBox="0 0 24 24"
      >
        <path
          d="M7 10l5 5 5-5z"
        />
      </svg>
      <fieldset
        aria-hidden="true"
        class="MuiOutlinedInput-notchedOutline css-1d3z3hw-MuiOutlinedInput-notchedOutline"
      >
        <legend
          class="css-1z7n62"
        >
          <span>
            mass
          </span>
        </legend>
      </fieldset>
    </div>
  </div>
</div>
`;
