// Jest Snapshot v1, https://goo.gl/fbAQLP

exports[`<OpponentCard /> renders correctly 1`] = `
<div>
  <div
    class="MuiPaper-root MuiPaper-elevation MuiPaper-rounded MuiPaper-elevation1 MuiCard-root makeStyles-root-1 css-2bjnfd-MuiPaper-root-MuiCard-root"
  >
    <div
      class="MuiCardContent-root css-46bh2p-MuiCardContent-root"
    >
      <p
        class="MuiTypography-root MuiTypography-body1 MuiTypography-gutterBottom MuiTypography-noWrap css-577owk-MuiTypography-root"
      >
        Name: R5-D4
      </p>
      <p
        class="MuiTypography-root MuiTypography-body2 MuiTypography-gutterBottom MuiTypography-noWrap css-tpcsis-MuiTypography-root"
      >
        Birth Year: unknown
      </p>
      <p
        class="MuiTypography-root MuiTypography-body2 MuiTypography-gutterBottom MuiTypography-noWrap css-tpcsis-MuiTypography-root"
      >
        Gender: n/a
      </p>
      <p
        class="MuiTypography-root MuiTypography-body2 MuiTypography-gutterBottom MuiTypography-noWrap css-tpcsis-MuiTypography-root"
      >
        Height: 97
      </p>
      <p
        class="MuiTypography-root MuiTypography-body2 MuiTypography-gutterBottom MuiTypography-noWrap css-tpcsis-MuiTypography-root"
      >
        Eye color: red
      </p>
    </div>
  </div>
</div>
`;
